Running DRUID...
Reading bimFile: /fs/cbsubscb09/storage/yilei/simulate/DRUID_cpp/ped.bim
	Number of chromosomes: 22
	total genome length: 3537.507599cM
Reading ibd12 file: /fs/cbsubscb09/storage/yilei/simulate/DRUID_cpp/ped.ibd12
Reading segments file: /fs/cbsubscb09/storage/yilei/simulate/DRUID_cpp/ped.seg
Finished reading inputs and building graph from 328 samples for analysis, takes 0.233918s
Maximum Relatedness Reported: degree 10
Identifying clusters of close relatives...
Start the primary DRUID algorithm...
	number of connected components: 58
Anaylzing pairwise connected components done, takes 0.093757s
Writitng to output file: test.DRUID
Writing to output done, takes 0.041639s
